// Jest Snapshot v1, https://goo.gl/fbAQLP

exports[`Form Component it should match the snapshot and render 1`] = `
<div>
  <form
    class="sc-6dcabf1-0 eBDBiU"
  >
    <input
      class="sc-6dcabf1-1 gRPbSx"
      placeholder="Email address"
      required=""
      type="email"
      value=""
    />
    <select
      class="sc-6dcabf1-2 ethpxy"
    >
      <option
        value=""
      >
        Select category
      </option>
      <option
        value="Shoes"
      >
        Shoes
      </option>
      <option
        value="Heels"
      >
        Heels
      </option>
      <option
        value="Sandals"
      >
        Sandals
      </option>
      <option
        value="Handbags"
      >
        Handbags
      </option>
    </select>
    <div
      class="sc-6dcabf1-3 dGyqpl"
    >
      <input
        id="terms"
        required=""
        type="checkbox"
      />
      <label
        for="terms"
      >
        I agree to the terms and conditions
      </label>
    </div>
    <button
      class="sc-6dcabf1-4 izWVn"
      type="submit"
    >
      Submit
    </button>
  </form>
</div>
`;
